// Jest Snapshot v1, https://goo.gl/fbAQLP

exports[`decodeQueryStringObject throws for a query string object having invalid keys 1`] = `"Invalid query string keys: ["hello"]. Valid keys are: ["foo","baz"]"`;
